Microchip MPLAB XC8 Compiler V2.31

Linker command line:

-W-3 --edf=C:\Program Files\Microchip\xc8\v2_31\pic\dat\en_msgs.txt \
  -pivt0x8=08h -cn -h+dist/default/production\2021_ENCM369.production.sym \
  --cmf=dist/default/production\2021_ENCM369.production.cmf -z -Q18F27Q43 \
  -oC:\Users\jaili\AppData\Local\Temp\si7k.2 --defsym=__MPLAB_BUILD=1 \
  -Mdist/default/production/2021_ENCM369.production.map -E1 \
  -ver=XC8 Compiler --acfsm=1493 -ASTACK=0900h-025FFh -pstack=STACK \
  -ACODE=00h-01FFFFh -ACONST=00h-01FFFFh -ASMALLCONST=02600h-026FFhx474 \
  -AMEDIUMCONST=02600h-0FFFFh,012600h-01FFFFh -ACOMRAM=0501h-055Fh \
  -AABS1=0500h-025FFh -ABIGRAM=0501h-025FFh \
  -ARAM=0560h-05FFh,0600h-06FFhx32 -ABANK5=0560h-05FFh -ABANK6=0600h-06FFh \
  -ABANK7=0700h-07FFh -ABANK8=0800h-08FFh -ABANK9=0900h-09FFh \
  -ABANK10=0A00h-0AFFh -ABANK11=0B00h-0BFFh -ABANK12=0C00h-0CFFh \
  -ABANK13=0D00h-0DFFh -ABANK14=0E00h-0EFFh -ABANK15=0F00h-0FFFh \
  -ABANK16=01000h-010FFh -ABANK17=01100h-011FFh -ABANK18=01200h-012FFh \
  -ABANK19=01300h-013FFh -ABANK20=01400h-014FFh -ABANK21=01500h-015FFh \
  -ABANK22=01600h-016FFh -ABANK23=01700h-017FFh -ABANK24=01800h-018FFh \
  -ABANK25=01900h-019FFh -ABANK26=01A00h-01AFFh -ABANK27=01B00h-01BFFh \
  -ABANK28=01C00h-01CFFh -ABANK29=01D00h-01DFFh -ABANK30=01E00h-01EFFh \
  -ABANK31=01F00h-01FFFh -ABANK32=02000h-020FFh -ABANK33=02100h-021FFh \
  -ABANK34=02200h-022FFh -ABANK35=02300h-023FFh -ABANK36=02400h-024FFh \
  -ABANK37=02500h-025FFh -ASFR=00h-0FFhx4,0400h-045Fh,0460h-04FFh \
  -ACONFIG=0300000h-0300011h -AIDLOC=0200000h-020001Fh \
  -AEEDATA=0380000h-03803FFh -peeprom_data=EEDATA -preset_vec=00h \
  -ppowerup=CODE,init -pramtop=02600h -psmallconst=SMALLCONST \
  -pmediumconst=MEDIUMCONST -pconst=CONST -AFARRAM=00h-00h \
  -prdata=COMRAM,nvrram=COMRAM,nvbit=COMRAM,rbss=COMRAM,rbit=COMRAM \
  -pfarbss=FARRAM,fardata=FARRAM,nvFARRAM=FARRAM \
  -pintsave_regs=BIGRAM,bigbss=BIGRAM,bigdata=BIGRAM -pbss=RAM \
  -pidata=CODE,irdata=CODE,ibigdata=CODE,ifardata=CODE -prparam=COMRAM \
  C:\Users\jaili\AppData\Local\Temp\si7k.o \
  dist/default/production\2021_ENCM369.production.o 

Object code version is 3.11

Machine type is 18F27Q43



                Name                               Link     Load   Length Selector   Space Scale
C:\Users\jaili\AppData\Local\Temp\si7k.o
                idloc                            200000   200000       20        0       5
                config                           300000   300000        A        0       4
                init                                102      102        4        4       0
                reset_vec                             0        0        4        0       0
dist/default/production\2021_ENCM369.production.o
                idloc                            200000   200000       20        0       5
                config                           300000   300000        A        0       4
                ivt0x8                                8        8       FA        4       0
                text13                              5E8      5E8       14      169       0
                text12                              4C8      4C8       3A        4       0
                text11                              604      604        4      169       0
                text10                              5A4      5A4       1A      169       0
                text9                               608      608        2      169       0
                text8                               5BE      5BE       16      169       0
                text7                               5FC      5FC        8      169       0
                text6                               502      502       34        4       0
                text5                               5D4      5D4       14      169       0
                text4                               586      586       1C        4       0
                text3                               474      474       54        4       0
                text2                               566      566       20        4       0
                text1                               106      106      12C        4       0
                text0                               536      536       30        4       0
                cstackCOMRAM                        511      511        6      501       1
                cstackBANK6                         600      600       BC      600       1
                dataBANK8                           800      800      100      800       1
                dataBANK7                           700      700       5C      700       1
                bssBANK6                            6BC      6BC        2      600       1
                dataBANK5                           560      560       5C      560       1
                bssCOMRAM                           501      501       10      501       1
                cinit                               332      332       8A        4       0
                idataBANK8                          232      232      100        4       0
                idataBANK7                          418      418       5C        4       0
                idataBANK5                          3BC      3BC       5C        4       0

TOTAL           Name                               Link     Load   Length     Space
        CLASS   STACK          

        CLASS   CODE           
                init                                102      102        4         0
                reset_vec                             0        0        4         0
                ivt0x8                                8        8       FA         0
                text13                              5E8      5E8       14         0
                text12                              4C8      4C8       3A         0
                text11                              604      604        4         0
                text10                              5A4      5A4       1A         0
                text9                               608      608        2         0
                text8                               5BE      5BE       16         0
                text7                               5FC      5FC        8         0
                text6                               502      502       34         0
                text5                               5D4      5D4       14         0
                text4                               586      586       1C         0
                text3                               474      474       54         0
                text2                               566      566       20         0
                text1                               106      106      12C         0
                text0                               536      536       30         0
                cinit                               332      332       8A         0
                idataBANK8                          232      232      100         0
                idataBANK7                          418      418       5C         0
                idataBANK5                          3BC      3BC       5C         0

        CLASS   CONST          

        CLASS   SMALLCONST     

        CLASS   MEDIUMCONST    

        CLASS   COMRAM         
                cstackCOMRAM                        511      511        6         1
                bssCOMRAM                           501      501       10         1

        CLASS   ABS1           

        CLASS   BIGRAM         

        CLASS   RAM            

        CLASS   BANK5          
                dataBANK5                           560      560       5C         1

        CLASS   BANK6          
                cstackBANK6                         600      600       BC         1
                bssBANK6                            6BC      6BC        2         1

        CLASS   BANK7          
                dataBANK7                           700      700       5C         1

        CLASS   BANK8          
                dataBANK8                           800      800      100         1

        CLASS   BANK9          

        CLASS   BANK10         

        CLASS   BANK11         

        CLASS   BANK12         

        CLASS   BANK13         

        CLASS   BANK14         

        CLASS   BANK15         

        CLASS   BANK16         

        CLASS   BANK17         

        CLASS   BANK18         

        CLASS   BANK19         

        CLASS   BANK20         

        CLASS   BANK21         

        CLASS   BANK22         

        CLASS   BANK23         

        CLASS   BANK24         

        CLASS   BANK25         

        CLASS   BANK26         

        CLASS   BANK27         

        CLASS   BANK28         

        CLASS   BANK29         

        CLASS   BANK30         

        CLASS   BANK31         

        CLASS   BANK32         

        CLASS   BANK33         

        CLASS   BANK34         

        CLASS   BANK35         

        CLASS   BANK36         

        CLASS   BANK37         

        CLASS   SFR            

        CLASS   CONFIG         
                config                           300000   300000        A         4

        CLASS   IDLOC          
                idloc                            200000   200000       20         5

        CLASS   EEDATA         

        CLASS   FARRAM         



SEGMENTS        Name                           Load    Length   Top    Selector   Space  Class

                reset_vec                      000000  000004  000004         0       0  CODE    
                ivt0x8                         000008  00059A  0005A2         4       0  CODE    
                bssCOMRAM                      000501  000016  000517       501       1  COMRAM  
                dataBANK5                      000560  00005C  0005BC       560       1  BANK5   
                text10                         0005A4  000066  00060A       169       0  CODE    
                cstackBANK6                    000600  0000BE  0006BE       600       1  BANK6   
                dataBANK7                      000700  00005C  00075C       700       1  BANK7   
                dataBANK8                      000800  000100  000900       800       1  BANK8   


UNUSED ADDRESS RANGES

        Name                Unused          Largest block    Delta
        BANK10           000A00-000AFF              100
        BANK11           000B00-000BFF              100
        BANK12           000C00-000CFF              100
        BANK13           000D00-000DFF              100
        BANK14           000E00-000EFF              100
        BANK15           000F00-000FFF              100
        BANK16           001000-0010FF              100
        BANK17           001100-0011FF              100
        BANK18           001200-0012FF              100
        BANK19           001300-0013FF              100
        BANK20           001400-0014FF              100
        BANK21           001500-0015FF              100
        BANK22           001600-0016FF              100
        BANK23           001700-0017FF              100
        BANK24           001800-0018FF              100
        BANK25           001900-0019FF              100
        BANK26           001A00-001AFF              100
        BANK27           001B00-001BFF              100
        BANK28           001C00-001CFF              100
        BANK29           001D00-001DFF              100
        BANK30           001E00-001EFF              100
        BANK31           001F00-001FFF              100
        BANK32           002000-0020FF              100
        BANK33           002100-0021FF              100
        BANK34           002200-0022FF              100
        BANK35           002300-0023FF              100
        BANK36           002400-0024FF              100
        BANK37           002500-0025FF              100
        BANK5            0005BC-0005FF               44
        BANK6            0006BE-0006FF               42
        BANK7            00075C-0007FF               A4
        BANK9            000900-0009FF              100
        BIGRAM           000517-00055F               49
                         0005BC-0005FF               44
                         0006BE-0006FF               42
                         00075C-0007FF               A4
                         000900-0025FF             1D00
        CODE             000004-000007                4
                         0005A2-0005A3                2
                         00060A-01FFFF            1F9F6
        COMRAM           000517-00055F               49
        CONFIG           30000A-300011                8
        CONST            000004-000007                4
                         0005A2-0005A3                2
                         00060A-01FFFF            1F9F6
        EEDATA           380000-3803FF              400
        MEDIUMCONST      002600-00FFFF             DA00
                         012600-01FFFF             DA00
        RAM              0005BC-0005FF               44
                         0006BE-0006FF               42
                         00075C-0007FF               A4
                         000900-0025FF              100
        SFR              000000-0004FF              100
        SMALLCONST       002600-01FFFF              100
        STACK            000900-0025FF             1D00

                                  Symbol Table

DEFAULT_ISR@u32UnhandledCounter     bssCOMRAM    000501
IVTBASEH                            (abs)        00045E
IVTBASEL                            (abs)        00045D
IVTBASEU                            (abs)        00045F
InterruptTimerXus@bContinuous_      cstackCOMRAM 000514
InterruptTimerXus@u16Temp           cstackCOMRAM 000515
InterruptTimerXus@u16TimeXus_       cstackCOMRAM 000512
TMR1_ISR@u8Index                    bssCOMRAM    00050D
TimeXus@u16Temp                     cstackCOMRAM 000514
TimeXus@u16TimeXus_                 cstackCOMRAM 000512
UserAppRun@F15950                   dataBANK5    000560
UserAppRun@F15952                   dataBANK7    000700
UserAppRun@i                        cstackBANK6  0006B8
UserAppRun@i_277                    cstackBANK6  0006BA
UserAppRun@u16SongNoteDurationArray cstackBANK6  00065C
UserAppRun@u16SongNotesArray        cstackBANK6  000600
UserAppRun@u8NoteNumber             bssBANK6     0006BC
_ANSELA                             (abs)        000400
_ClockSetup                         text9        000608
_DAC1CON                            (abs)        00007F
_DAC1DATL                           (abs)        00007D
_DEFAULT_ISR                        text10       0005A4
_G_au8UserAppsinTable               dataBANK8    000800
_G_u32SystemTime1ms                 bssCOMRAM    000509
_G_u32SystemTime1s                  bssCOMRAM    000505
_G_u8SystemFlags                    bssBANK6     0006BD
_G_u8UserAppFlags                   bssCOMRAM    000510
_G_u8UserAppTimePeriodHi            bssCOMRAM    00050F
_G_u8UserAppTimePeriodLo            bssCOMRAM    00050E
_GpioSetup                          text8        0005BE
_INTCON0bits                        (abs)        0004D6
_InterruptSetup                     text7        0005FC
_InterruptTimerXus                  text3        000474
_LATA                               (abs)        0004BE
_PIE3bits                           (abs)        0004A1
_PIR0bits                           (abs)        0004AE
_PIR3bits                           (abs)        0004B1
_SW_ISR                             text11       000604
_SysTickSetup                       text6        000502
_SystemSleep                        text5        0005D4
_T0CON0                             (abs)        00031A
_T0CON0bits                         (abs)        00031A
_T0CON1                             (abs)        00031B
_T1CLK                              (abs)        000321
_T1CON                              (abs)        00031E
_T1CONbits                          (abs)        00031E
_T1GCON                             (abs)        00031F
_T2CLKCON                           (abs)        000326
_T2CON                              (abs)        000324
_T2PR                               (abs)        000323
_TMR0H                              (abs)        000319
_TMR0L                              (abs)        000318
_TMR1H                              (abs)        00031D
_TMR1L                              (abs)        00031C
_TMR1_ISR                           text12       0004C8
_TMR2_ISR                           text13       0005E8
_TRISA                              (abs)        0004C6
_TimeXus                            text2        000566
_UserAppInitialize                  text4        000586
_UserAppRun                         text1        000106
__HRAM                              (abs)        000000
__Habs1                             abs1         000000
__Hbank10                           bank10       000000
__Hbank11                           bank11       000000
__Hbank12                           bank12       000000
__Hbank13                           bank13       000000
__Hbank14                           bank14       000000
__Hbank15                           bank15       000000
__Hbank16                           bank16       000000
__Hbank17                           bank17       000000
__Hbank18                           bank18       000000
__Hbank19                           bank19       000000
__Hbank20                           bank20       000000
__Hbank21                           bank21       000000
__Hbank22                           bank22       000000
__Hbank23                           bank23       000000
__Hbank24                           bank24       000000
__Hbank25                           bank25       000000
__Hbank26                           bank26       000000
__Hbank27                           bank27       000000
__Hbank28                           bank28       000000
__Hbank29                           bank29       000000
__Hbank30                           bank30       000000
__Hbank31                           bank31       000000
__Hbank32                           bank32       000000
__Hbank33                           bank33       000000
__Hbank34                           bank34       000000
__Hbank35                           bank35       000000
__Hbank36                           bank36       000000
__Hbank37                           bank37       000000
__Hbank5                            bank5        000000
__Hbank6                            bank6        000000
__Hbank7                            bank7        000000
__Hbank8                            bank8        000000
__Hbank9                            bank9        000000
__Hbigbss                           bigbss       000000
__Hbigdata                          bigdata      000000
__Hbigram                           bigram       000000
__Hbss                              bss          000000
__HbssBANK6                         bssBANK6     000000
__HbssCOMRAM                        bssCOMRAM    000000
__Hcinit                            cinit        000000
__Hclrtext                          clrtext      000000
__Hcomram                           comram       000000
__Hconfig                           config       30000A
__Hconst                            const        000000
__HcstackBANK6                      cstackBANK6  000000
__HcstackCOMRAM                     cstackCOMRAM 000000
__Hdata                             data         000000
__HdataBANK5                        dataBANK5    000000
__HdataBANK7                        dataBANK7    000000
__HdataBANK8                        dataBANK8    000000
__Heeprom_data                      eeprom_data  000000
__Hfarbss                           farbss       000000
__Hfardata                          fardata      000000
__Hibigdata                         ibigdata     000000
__Hidata                            idata        000000
__HidataBANK5                       idataBANK5   000000
__HidataBANK7                       idataBANK7   000000
__HidataBANK8                       idataBANK8   000000
__Hidloc                            idloc        200020
__Hifardata                         ifardata     000000
__Hinit                             init         000106
__Hintsave_regs                     intsave_regs 000000
__Hirdata                           irdata       000000
__Hivt0x8                           ivt0x8       000102
__Hmediumconst                      mediumconst  000000
__HnvFARRAM                         nvFARRAM     000000
__Hnvbit                            nvbit        000000
__Hnvrram                           nvrram       000000
__Hparam                            rparam       000000
__Hpowerup                          powerup      000000
__Hram                              ram          000000
__Hramtop                           ramtop       002600
__Hrbit                             rbit         000000
__Hrbss                             rbss         000000
__Hrdata                            rdata        000000
__Hreset_vec                        reset_vec    000004
__Hrparam                           rparam       000000
__Hsfr                              sfr          000000
__Hsmallconst                       smallconst   000000
__Hspace_0                          (abs)        002600
__Hspace_1                          (abs)        000900
__Hspace_2                          (abs)        000000
__Hspace_4                          (abs)        60000A
__Hstack                            stack        000000
__Hstruct                           struct       000000
__Htemp                             temp         000000
__Htext                             text         000000
__Htext0                            text0        000000
__Htext1                            text1        000000
__Htext10                           text10       000000
__Htext11                           text11       000000
__Htext12                           text12       000000
__Htext13                           text13       000000
__Htext2                            text2        000000
__Htext3                            text3        000000
__Htext4                            text4        000000
__Htext5                            text5        000000
__Htext6                            text6        000000
__Htext7                            text7        000000
__Htext8                            text8        000000
__Htext9                            text9        000000
__LRAM                              (abs)        000001
__Labs1                             abs1         000000
__Lbank10                           bank10       000000
__Lbank11                           bank11       000000
__Lbank12                           bank12       000000
__Lbank13                           bank13       000000
__Lbank14                           bank14       000000
__Lbank15                           bank15       000000
__Lbank16                           bank16       000000
__Lbank17                           bank17       000000
__Lbank18                           bank18       000000
__Lbank19                           bank19       000000
__Lbank20                           bank20       000000
__Lbank21                           bank21       000000
__Lbank22                           bank22       000000
__Lbank23                           bank23       000000
__Lbank24                           bank24       000000
__Lbank25                           bank25       000000
__Lbank26                           bank26       000000
__Lbank27                           bank27       000000
__Lbank28                           bank28       000000
__Lbank29                           bank29       000000
__Lbank30                           bank30       000000
__Lbank31                           bank31       000000
__Lbank32                           bank32       000000
__Lbank33                           bank33       000000
__Lbank34                           bank34       000000
__Lbank35                           bank35       000000
__Lbank36                           bank36       000000
__Lbank37                           bank37       000000
__Lbank5                            bank5        000000
__Lbank6                            bank6        000000
__Lbank7                            bank7        000000
__Lbank8                            bank8        000000
__Lbank9                            bank9        000000
__Lbigbss                           bigbss       000000
__Lbigdata                          bigdata      000000
__Lbigram                           bigram       000000
__Lbss                              bss          000000
__LbssBANK6                         bssBANK6     000000
__LbssCOMRAM                        bssCOMRAM    000000
__Lcinit                            cinit        000000
__Lclrtext                          clrtext      000000
__Lcomram                           comram       000000
__Lconfig                           config       000000
__Lconst                            const        000000
__LcstackBANK6                      cstackBANK6  000000
__LcstackCOMRAM                     cstackCOMRAM 000000
__Ldata                             data         000000
__LdataBANK5                        dataBANK5    000000
__LdataBANK7                        dataBANK7    000000
__LdataBANK8                        dataBANK8    000000
__Leeprom_data                      eeprom_data  000000
__Lfarbss                           farbss       000000
__Lfardata                          fardata      000000
__Libigdata                         ibigdata     000000
__Lidata                            idata        000000
__LidataBANK5                       idataBANK5   000000
__LidataBANK7                       idataBANK7   000000
__LidataBANK8                       idataBANK8   000000
__Lidloc                            idloc        000000
__Lifardata                         ifardata     000000
__Linit                             init         000102
__Lintsave_regs                     intsave_regs 000000
__Lirdata                           irdata       000000
__Livt0x8                           ivt0x8       000008
__Lmediumconst                      mediumconst  000000
__LnvFARRAM                         nvFARRAM     000000
__Lnvbit                            nvbit        000000
__Lnvrram                           nvrram       000000
__Lparam                            rparam       000000
__Lpowerup                          powerup      000000
__Lram                              ram          000000
__Lramtop                           ramtop       002600
__Lrbit                             rbit         000000
__Lrbss                             rbss         000000
__Lrdata                            rdata        000000
__Lreset_vec                        reset_vec    000000
__Lrparam                           rparam       000000
__Lsfr                              sfr          000000
__Lsmallconst                       smallconst   000000
__Lspace_0                          (abs)        000000
__Lspace_1                          (abs)        000000
__Lspace_2                          (abs)        000000
__Lspace_4                          (abs)        000000
__Lstack                            stack        000000
__Lstruct                           struct       000000
__Ltemp                             temp         000000
__Ltext                             text         000000
__Ltext0                            text0        000000
__Ltext1                            text1        000000
__Ltext10                           text10       000000
__Ltext11                           text11       000000
__Ltext12                           text12       000000
__Ltext13                           text13       000000
__Ltext2                            text2        000000
__Ltext3                            text3        000000
__Ltext4                            text4        000000
__Ltext5                            text5        000000
__Ltext6                            text6        000000
__Ltext7                            text7        000000
__Ltext8                            text8        000000
__Ltext9                            text9        000000
__S0                                (abs)        00060A
__S1                                (abs)        000900
__S2                                (abs)        000000
__S4                                (abs)        000000
__S5                                (abs)        000000
___inthi_sp                         stack        000000
___intlo_sp                         stack        000000
___param_bank                       (abs)        000000
___rparam_used                      (abs)        000001
___sp                               stack        000000
__accesstop                         (abs)        000560
__activetblptr                      (abs)        000000
__end_of_ClockSetup                 text9        00060A
__end_of_DEFAULT_ISR                text10       0005BE
__end_of_GpioSetup                  text8        0005D4
__end_of_InterruptSetup             text7        000604
__end_of_InterruptTimerXus          text3        0004C8
__end_of_SW_ISR                     text11       000608
__end_of_SysTickSetup               text6        000536
__end_of_SystemSleep                text5        0005E8
__end_of_TMR1_ISR                   text12       000502
__end_of_TMR2_ISR                   text13       0005FC
__end_of_TimeXus                    text2        000586
__end_of_UserAppInitialize          text4        0005A2
__end_of_UserAppRun                 text1        000232
__end_of__initialization            cinit        0003B6
__end_of_main                       text0        000566
__initialization                    cinit        000332
__mediumconst                       mediumconst  000000
__pbssBANK6                         bssBANK6     0006BC
__pbssCOMRAM                        bssCOMRAM    000501
__pcinit                            cinit        000332
__pcstackBANK6                      cstackBANK6  000600
__pcstackCOMRAM                     cstackCOMRAM 000511
__pdataBANK5                        dataBANK5    000560
__pdataBANK7                        dataBANK7    000700
__pdataBANK8                        dataBANK8    000800
__pidataBANK5                       idataBANK5   0003BC
__pidataBANK7                       idataBANK7   000418
__pidataBANK8                       idataBANK8   000232
__pivt0x8                           ivt0x8       000008
__ptext0                            text0        000536
__ptext1                            text1        000106
__ptext10                           text10       0005A4
__ptext11                           text11       000604
__ptext12                           text12       0004C8
__ptext13                           text13       0005E8
__ptext2                            text2        000566
__ptext3                            text3        000474
__ptext4                            text4        000586
__ptext5                            text5        0005D4
__ptext6                            text6        000502
__ptext7                            text7        0005FC
__ptext8                            text8        0005BE
__ptext9                            text9        000608
__ramtop                            ramtop       002600
__size_of_ClockSetup                (abs)        000000
__size_of_DEFAULT_ISR               (abs)        000000
__size_of_GpioSetup                 (abs)        000000
__size_of_InterruptSetup            (abs)        000000
__size_of_InterruptTimerXus         (abs)        000000
__size_of_SW_ISR                    (abs)        000000
__size_of_SysTickSetup              (abs)        000000
__size_of_SystemSleep               (abs)        000000
__size_of_TMR1_ISR                  (abs)        000000
__size_of_TMR2_ISR                  (abs)        000000
__size_of_TimeXus                   (abs)        000000
__size_of_UserAppInitialize         (abs)        000000
__size_of_UserAppRun                (abs)        000000
__size_of_main                      (abs)        000000
__smallconst                        smallconst   000000
_main                               text0        000536
end_of_initialization               cinit        0003B6
intlevel0                           text         000000
intlevel1                           text         000000
intlevel2                           text         000000
intlevel3                           text         000000
ivt0x8_base                         ivt0x8       000008
ivt0x8_undefint                     ivt0x8       000100
stackhi                             (abs)        0025FF
stacklo                             (abs)        000900
start                               init         000102
start_initialization                cinit        000332


FUNCTION INFORMATION:

 *************** function _main *****************
 Defined at:
		line 34 in file "main.c"
 Parameters:    Size  Location     Type
		None
 Auto vars:     Size  Location     Type
		None
 Return value:  Size  Location     Type
                  1    wreg      void 
 Registers used:
		wreg, fsr1l, fsr1h, fsr2l, fsr2h, status,2, status,0, prodl, prodh, cstack
 Tracked objects:
		On entry : 
		On exit  : 
		Unchanged: 
 Data sizes:     COMRAM   BANK5   BANK6   BANK7   BANK8   BANK9  BANK10  BANK11  BANK12  BANK13  BANK14  BANK15  BANK16  BANK17  BANK18  BANK19  BANK20  BANK21  BANK22  BANK23  BANK24  BANK25  BANK26  BANK27  BANK28  BANK29  BANK30  BANK31  BANK32  BANK33  BANK34  BANK35  BANK36  BANK37
      Params:         0       0       0       0       0       0       0       0       0       0       0       0       0       0       0       0       0       0       0       0       0       0       0       0       0       0       0       0       0       0       0       0       0       0
      Locals:         0       0       0       0       0       0       0       0       0       0       0       0       0       0       0       0       0       0       0       0       0       0       0       0       0       0       0       0       0       0       0       0       0       0
      Temps:          0       0       0       0       0       0       0       0       0       0       0       0       0       0       0       0       0       0       0       0       0       0       0       0       0       0       0       0       0       0       0       0       0       0
      Totals:         0       0       0       0       0       0       0       0       0       0       0       0       0       0       0       0       0       0       0       0       0       0       0       0       0       0       0       0       0       0       0       0       0       0
Total ram usage:        0 bytes
 Hardware stack levels required when called:    4
 This function calls:
		_ClockSetup
		_GpioSetup
		_InterruptSetup
		_SysTickSetup
		_SystemSleep
		_UserAppInitialize
		_UserAppRun
 This function is called by:
		Startup code after reset
 This function uses a non-reentrant model


 *************** function _UserAppRun *****************
 Defined at:
		line 238 in file "user_app.c"
 Parameters:    Size  Location     Type
		None
 Auto vars:     Size  Location     Type
  i               2  186[BANK6 ] int 
  i               2  184[BANK6 ] int 
  u16SongNoteD   92   92[BANK6 ] unsigned short [46]
  u16SongNotes   92    0[BANK6 ] unsigned short [46]
 Return value:  Size  Location     Type
                  1    wreg      void 
 Registers used:
		wreg, fsr1l, fsr1h, fsr2l, fsr2h, status,2, status,0, prodl, prodh, cstack
 Tracked objects:
		On entry : 
		On exit  : 
		Unchanged: 
 Data sizes:     COMRAM   BANK5   BANK6   BANK7   BANK8   BANK9  BANK10  BANK11  BANK12  BANK13  BANK14  BANK15  BANK16  BANK17  BANK18  BANK19  BANK20  BANK21  BANK22  BANK23  BANK24  BANK25  BANK26  BANK27  BANK28  BANK29  BANK30  BANK31  BANK32  BANK33  BANK34  BANK35  BANK36  BANK37
      Params:         0       0       0       0       0       0       0       0       0       0       0       0       0       0       0       0       0       0       0       0       0       0       0       0       0       0       0       0       0       0       0       0       0       0
      Locals:         0       0     188       0       0       0       0       0       0       0       0       0       0       0       0       0       0       0       0       0       0       0       0       0       0       0       0       0       0       0       0       0       0       0
      Temps:          0       0       0       0       0       0       0       0       0       0       0       0       0       0       0       0       0       0       0       0       0       0       0       0       0       0       0       0       0       0       0       0       0       0
      Totals:         0       0     188       0       0       0       0       0       0       0       0       0       0       0       0       0       0       0       0       0       0       0       0       0       0       0       0       0       0       0       0       0       0       0
Total ram usage:      188 bytes
 Hardware stack levels used:    1
 Hardware stack levels required when called:    3
 This function calls:
		_InterruptTimerXus
		_TimeXus
 This function is called by:
		_main
 This function uses a non-reentrant model


 *************** function _TimeXus *****************
 Defined at:
		line 94 in file "user_app.c"
 Parameters:    Size  Location     Type
  u16TimeXus_     2    1[COMRAM] unsigned short 
 Auto vars:     Size  Location     Type
  u16Temp         2    3[COMRAM] unsigned short 
 Return value:  Size  Location     Type
                  1    wreg      void 
 Registers used:
		wreg, status,2, status,0
 Tracked objects:
		On entry : 
		On exit  : 
		Unchanged: 
 Data sizes:     COMRAM   BANK5   BANK6   BANK7   BANK8   BANK9  BANK10  BANK11  BANK12  BANK13  BANK14  BANK15  BANK16  BANK17  BANK18  BANK19  BANK20  BANK21  BANK22  BANK23  BANK24  BANK25  BANK26  BANK27  BANK28  BANK29  BANK30  BANK31  BANK32  BANK33  BANK34  BANK35  BANK36  BANK37
      Params:         2       0       0       0       0       0       0       0       0       0       0       0       0       0       0       0       0       0       0       0       0       0       0       0       0       0       0       0       0       0       0       0       0       0
      Locals:         2       0       0       0       0       0       0       0       0       0       0       0       0       0       0       0       0       0       0       0       0       0       0       0       0       0       0       0       0       0       0       0       0       0
      Temps:          0       0       0       0       0       0       0       0       0       0       0       0       0       0       0       0       0       0       0       0       0       0       0       0       0       0       0       0       0       0       0       0       0       0
      Totals:         4       0       0       0       0       0       0       0       0       0       0       0       0       0       0       0       0       0       0       0       0       0       0       0       0       0       0       0       0       0       0       0       0       0
Total ram usage:        4 bytes
 Hardware stack levels used:    1
 Hardware stack levels required when called:    2
 This function calls:
		Nothing
 This function is called by:
		_UserAppRun
 This function uses a non-reentrant model


 *************** function _InterruptTimerXus *****************
 Defined at:
		line 147 in file "user_app.c"
 Parameters:    Size  Location     Type
  u16TimeXus_     2    1[COMRAM] unsigned short 
  bContinuous_    1    3[COMRAM] _Bool 
 Auto vars:     Size  Location     Type
  u16Temp         2    4[COMRAM] unsigned short 
 Return value:  Size  Location     Type
                  1    wreg      void 
 Registers used:
		wreg, status,2, status,0
 Tracked objects:
		On entry : 
		On exit  : 
		Unchanged: 
 Data sizes:     COMRAM   BANK5   BANK6   BANK7   BANK8   BANK9  BANK10  BANK11  BANK12  BANK13  BANK14  BANK15  BANK16  BANK17  BANK18  BANK19  BANK20  BANK21  BANK22  BANK23  BANK24  BANK25  BANK26  BANK27  BANK28  BANK29  BANK30  BANK31  BANK32  BANK33  BANK34  BANK35  BANK36  BANK37
      Params:         3       0       0       0       0       0       0       0       0       0       0       0       0       0       0       0       0       0       0       0       0       0       0       0       0       0       0       0       0       0       0       0       0       0
      Locals:         2       0       0       0       0       0       0       0       0       0       0       0       0       0       0       0       0       0       0       0       0       0       0       0       0       0       0       0       0       0       0       0       0       0
      Temps:          0       0       0       0       0       0       0       0       0       0       0       0       0       0       0       0       0       0       0       0       0       0       0       0       0       0       0       0       0       0       0       0       0       0
      Totals:         5       0       0       0       0       0       0       0       0       0       0       0       0       0       0       0       0       0       0       0       0       0       0       0       0       0       0       0       0       0       0       0       0       0
Total ram usage:        5 bytes
 Hardware stack levels used:    1
 Hardware stack levels required when called:    2
 This function calls:
		Nothing
 This function is called by:
		_UserAppRun
 This function uses a non-reentrant model


 *************** function _UserAppInitialize *****************
 Defined at:
		line 204 in file "user_app.c"
 Parameters:    Size  Location     Type
		None
 Auto vars:     Size  Location     Type
		None
 Return value:  Size  Location     Type
                  1    wreg      void 
 Registers used:
		wreg, status,2, status,0
 Tracked objects:
		On entry : 
		On exit  : 
		Unchanged: 
 Data sizes:     COMRAM   BANK5   BANK6   BANK7   BANK8   BANK9  BANK10  BANK11  BANK12  BANK13  BANK14  BANK15  BANK16  BANK17  BANK18  BANK19  BANK20  BANK21  BANK22  BANK23  BANK24  BANK25  BANK26  BANK27  BANK28  BANK29  BANK30  BANK31  BANK32  BANK33  BANK34  BANK35  BANK36  BANK37
      Params:         0       0       0       0       0       0       0       0       0       0       0       0       0       0       0       0       0       0       0       0       0       0       0       0       0       0       0       0       0       0       0       0       0       0
      Locals:         0       0       0       0       0       0       0       0       0       0       0       0       0       0       0       0       0       0       0       0       0       0       0       0       0       0       0       0       0       0       0       0       0       0
      Temps:          0       0       0       0       0       0       0       0       0       0       0       0       0       0       0       0       0       0       0       0       0       0       0       0       0       0       0       0       0       0       0       0       0       0
      Totals:         0       0       0       0       0       0       0       0       0       0       0       0       0       0       0       0       0       0       0       0       0       0       0       0       0       0       0       0       0       0       0       0       0       0
Total ram usage:        0 bytes
 Hardware stack levels used:    1
 Hardware stack levels required when called:    2
 This function calls:
		Nothing
 This function is called by:
		_main
 This function uses a non-reentrant model


 *************** function _SystemSleep *****************
 Defined at:
		line 150 in file "encm369_pic18.c"
 Parameters:    Size  Location     Type
		None
 Auto vars:     Size  Location     Type
		None
 Return value:  Size  Location     Type
                  1    wreg      void 
 Registers used:
		status,2, status,0
 Tracked objects:
		On entry : 
		On exit  : 
		Unchanged: 
 Data sizes:     COMRAM   BANK5   BANK6   BANK7   BANK8   BANK9  BANK10  BANK11  BANK12  BANK13  BANK14  BANK15  BANK16  BANK17  BANK18  BANK19  BANK20  BANK21  BANK22  BANK23  BANK24  BANK25  BANK26  BANK27  BANK28  BANK29  BANK30  BANK31  BANK32  BANK33  BANK34  BANK35  BANK36  BANK37
      Params:         0       0       0       0       0       0       0       0       0       0       0       0       0       0       0       0       0       0       0       0       0       0       0       0       0       0       0       0       0       0       0       0       0       0
      Locals:         0       0       0       0       0       0       0       0       0       0       0       0       0       0       0       0       0       0       0       0       0       0       0       0       0       0       0       0       0       0       0       0       0       0
      Temps:          0       0       0       0       0       0       0       0       0       0       0       0       0       0       0       0       0       0       0       0       0       0       0       0       0       0       0       0       0       0       0       0       0       0
      Totals:         0       0       0       0       0       0       0       0       0       0       0       0       0       0       0       0       0       0       0       0       0       0       0       0       0       0       0       0       0       0       0       0       0       0
Total ram usage:        0 bytes
 Hardware stack levels used:    1
 Hardware stack levels required when called:    2
 This function calls:
		Nothing
 This function is called by:
		_main
 This function uses a non-reentrant model


 *************** function _SysTickSetup *****************
 Defined at:
		line 115 in file "encm369_pic18.c"
 Parameters:    Size  Location     Type
		None
 Auto vars:     Size  Location     Type
		None
 Return value:  Size  Location     Type
                  1    wreg      void 
 Registers used:
		wreg, status,2
 Tracked objects:
		On entry : 
		On exit  : 
		Unchanged: 
 Data sizes:     COMRAM   BANK5   BANK6   BANK7   BANK8   BANK9  BANK10  BANK11  BANK12  BANK13  BANK14  BANK15  BANK16  BANK17  BANK18  BANK19  BANK20  BANK21  BANK22  BANK23  BANK24  BANK25  BANK26  BANK27  BANK28  BANK29  BANK30  BANK31  BANK32  BANK33  BANK34  BANK35  BANK36  BANK37
      Params:         0       0       0       0       0       0       0       0       0       0       0       0       0       0       0       0       0       0       0       0       0       0       0       0       0       0       0       0       0       0       0       0       0       0
      Locals:         0       0       0       0       0       0       0       0       0       0       0       0       0       0       0       0       0       0       0       0       0       0       0       0       0       0       0       0       0       0       0       0       0       0
      Temps:          0       0       0       0       0       0       0       0       0       0       0       0       0       0       0       0       0       0       0       0       0       0       0       0       0       0       0       0       0       0       0       0       0       0
      Totals:         0       0       0       0       0       0       0       0       0       0       0       0       0       0       0       0       0       0       0       0       0       0       0       0       0       0       0       0       0       0       0       0       0       0
Total ram usage:        0 bytes
 Hardware stack levels used:    1
 Hardware stack levels required when called:    2
 This function calls:
		Nothing
 This function is called by:
		_main
 This function uses a non-reentrant model


 *************** function _InterruptSetup *****************
 Defined at:
		line 74 in file "interrupts.c"
 Parameters:    Size  Location     Type
		None
 Auto vars:     Size  Location     Type
		None
 Return value:  Size  Location     Type
                  1    wreg      void 
 Registers used:
		None
 Tracked objects:
		On entry : 
		On exit  : 
		Unchanged: 
 Data sizes:     COMRAM   BANK5   BANK6   BANK7   BANK8   BANK9  BANK10  BANK11  BANK12  BANK13  BANK14  BANK15  BANK16  BANK17  BANK18  BANK19  BANK20  BANK21  BANK22  BANK23  BANK24  BANK25  BANK26  BANK27  BANK28  BANK29  BANK30  BANK31  BANK32  BANK33  BANK34  BANK35  BANK36  BANK37
      Params:         0       0       0       0       0       0       0       0       0       0       0       0       0       0       0       0       0       0       0       0       0       0       0       0       0       0       0       0       0       0       0       0       0       0
      Locals:         0       0       0       0       0       0       0       0       0       0       0       0       0       0       0       0       0       0       0       0       0       0       0       0       0       0       0       0       0       0       0       0       0       0
      Temps:          0       0       0       0       0       0       0       0       0       0       0       0       0       0       0       0       0       0       0       0       0       0       0       0       0       0       0       0       0       0       0       0       0       0
      Totals:         0       0       0       0       0       0       0       0       0       0       0       0       0       0       0       0       0       0       0       0       0       0       0       0       0       0       0       0       0       0       0       0       0       0
Total ram usage:        0 bytes
 Hardware stack levels used:    1
 Hardware stack levels required when called:    2
 This function calls:
		Nothing
 This function is called by:
		_main
 This function uses a non-reentrant model


 *************** function _GpioSetup *****************
 Defined at:
		line 90 in file "encm369_pic18.c"
 Parameters:    Size  Location     Type
		None
 Auto vars:     Size  Location     Type
		None
 Return value:  Size  Location     Type
                  1    wreg      void 
 Registers used:
		wreg, status,2
 Tracked objects:
		On entry : 
		On exit  : 
		Unchanged: 
 Data sizes:     COMRAM   BANK5   BANK6   BANK7   BANK8   BANK9  BANK10  BANK11  BANK12  BANK13  BANK14  BANK15  BANK16  BANK17  BANK18  BANK19  BANK20  BANK21  BANK22  BANK23  BANK24  BANK25  BANK26  BANK27  BANK28  BANK29  BANK30  BANK31  BANK32  BANK33  BANK34  BANK35  BANK36  BANK37
      Params:         0       0       0       0       0       0       0       0       0       0       0       0       0       0       0       0       0       0       0       0       0       0       0       0       0       0       0       0       0       0       0       0       0       0
      Locals:         0       0       0       0       0       0       0       0       0       0       0       0       0       0       0       0       0       0       0       0       0       0       0       0       0       0       0       0       0       0       0       0       0       0
      Temps:          0       0       0       0       0       0       0       0       0       0       0       0       0       0       0       0       0       0       0       0       0       0       0       0       0       0       0       0       0       0       0       0       0       0
      Totals:         0       0       0       0       0       0       0       0       0       0       0       0       0       0       0       0       0       0       0       0       0       0       0       0       0       0       0       0       0       0       0       0       0       0
Total ram usage:        0 bytes
 Hardware stack levels used:    1
 Hardware stack levels required when called:    2
 This function calls:
		Nothing
 This function is called by:
		_main
 This function uses a non-reentrant model


 *************** function _ClockSetup *****************
 Defined at:
		line 71 in file "encm369_pic18.c"
 Parameters:    Size  Location     Type
		None
 Auto vars:     Size  Location     Type
		None
 Return value:  Size  Location     Type
                  1    wreg      void 
 Registers used:
		None
 Tracked objects:
		On entry : 
		On exit  : 
		Unchanged: 
 Data sizes:     COMRAM   BANK5   BANK6   BANK7   BANK8   BANK9  BANK10  BANK11  BANK12  BANK13  BANK14  BANK15  BANK16  BANK17  BANK18  BANK19  BANK20  BANK21  BANK22  BANK23  BANK24  BANK25  BANK26  BANK27  BANK28  BANK29  BANK30  BANK31  BANK32  BANK33  BANK34  BANK35  BANK36  BANK37
      Params:         0       0       0       0       0       0       0       0       0       0       0       0       0       0       0       0       0       0       0       0       0       0       0       0       0       0       0       0       0       0       0       0       0       0
      Locals:         0       0       0       0       0       0       0       0       0       0       0       0       0       0       0       0       0       0       0       0       0       0       0       0       0       0       0       0       0       0       0       0       0       0
      Temps:          0       0       0       0       0       0       0       0       0       0       0       0       0       0       0       0       0       0       0       0       0       0       0       0       0       0       0       0       0       0       0       0       0       0
      Totals:         0       0       0       0       0       0       0       0       0       0       0       0       0       0       0       0       0       0       0       0       0       0       0       0       0       0       0       0       0       0       0       0       0       0
Total ram usage:        0 bytes
 Hardware stack levels used:    1
 Hardware stack levels required when called:    2
 This function calls:
		Nothing
 This function is called by:
		_main
 This function uses a non-reentrant model


 *************** function _DEFAULT_ISR *****************
 Defined at:
		line 93 in file "interrupts.c"
 Parameters:    Size  Location     Type
		None
 Auto vars:     Size  Location     Type
		None
 Return value:  Size  Location     Type
                  1    wreg      void 
 Registers used:
		wreg, status,2, status,0
 Tracked objects:
		On entry : 
		On exit  : 
		Unchanged: 
 Data sizes:     COMRAM   BANK5   BANK6   BANK7   BANK8   BANK9  BANK10  BANK11  BANK12  BANK13  BANK14  BANK15  BANK16  BANK17  BANK18  BANK19  BANK20  BANK21  BANK22  BANK23  BANK24  BANK25  BANK26  BANK27  BANK28  BANK29  BANK30  BANK31  BANK32  BANK33  BANK34  BANK35  BANK36  BANK37
      Params:         0       0       0       0       0       0       0       0       0       0       0       0       0       0       0       0       0       0       0       0       0       0       0       0       0       0       0       0       0       0       0       0       0       0
      Locals:         0       0       0       0       0       0       0       0       0       0       0       0       0       0       0       0       0       0       0       0       0       0       0       0       0       0       0       0       0       0       0       0       0       0
      Temps:          1       0       0       0       0       0       0       0       0       0       0       0       0       0       0       0       0       0       0       0       0       0       0       0       0       0       0       0       0       0       0       0       0       0
      Totals:         1       0       0       0       0       0       0       0       0       0       0       0       0       0       0       0       0       0       0       0       0       0       0       0       0       0       0       0       0       0       0       0       0       0
Total ram usage:        1 bytes
 Hardware stack levels used:    1
 Hardware stack levels required when called:    1
 This function calls:
		Nothing
 This function is called by:
		Interrupt level 1
 This function uses a non-reentrant model


 *************** function _SW_ISR *****************
 Defined at:
		line 86 in file "interrupts.c"
 Parameters:    Size  Location     Type
		None
 Auto vars:     Size  Location     Type
		None
 Return value:  Size  Location     Type
                  1    wreg      void 
 Registers used:
		None
 Tracked objects:
		On entry : 
		On exit  : 
		Unchanged: 
 Data sizes:     COMRAM   BANK5   BANK6   BANK7   BANK8   BANK9  BANK10  BANK11  BANK12  BANK13  BANK14  BANK15  BANK16  BANK17  BANK18  BANK19  BANK20  BANK21  BANK22  BANK23  BANK24  BANK25  BANK26  BANK27  BANK28  BANK29  BANK30  BANK31  BANK32  BANK33  BANK34  BANK35  BANK36  BANK37
      Params:         0       0       0       0       0       0       0       0       0       0       0       0       0       0       0       0       0       0       0       0       0       0       0       0       0       0       0       0       0       0       0       0       0       0
      Locals:         0       0       0       0       0       0       0       0       0       0       0       0       0       0       0       0       0       0       0       0       0       0       0       0       0       0       0       0       0       0       0       0       0       0
      Temps:          0       0       0       0       0       0       0       0       0       0       0       0       0       0       0       0       0       0       0       0       0       0       0       0       0       0       0       0       0       0       0       0       0       0
      Totals:         0       0       0       0       0       0       0       0       0       0       0       0       0       0       0       0       0       0       0       0       0       0       0       0       0       0       0       0       0       0       0       0       0       0
Total ram usage:        0 bytes
 Hardware stack levels used:    1
 This function calls:
		Nothing
 This function is called by:
		Interrupt level 2
 This function uses a non-reentrant model


 *************** function _TMR1_ISR *****************
 Defined at:
		line 112 in file "interrupts.c"
 Parameters:    Size  Location     Type
		None
 Auto vars:     Size  Location     Type
		None
 Return value:  Size  Location     Type
                  1    wreg      void 
 Registers used:
		wreg, fsr2l, fsr2h, status,2, status,0
 Tracked objects:
		On entry : 
		On exit  : 
		Unchanged: 
 Data sizes:     COMRAM   BANK5   BANK6   BANK7   BANK8   BANK9  BANK10  BANK11  BANK12  BANK13  BANK14  BANK15  BANK16  BANK17  BANK18  BANK19  BANK20  BANK21  BANK22  BANK23  BANK24  BANK25  BANK26  BANK27  BANK28  BANK29  BANK30  BANK31  BANK32  BANK33  BANK34  BANK35  BANK36  BANK37
      Params:         0       0       0       0       0       0       0       0       0       0       0       0       0       0       0       0       0       0       0       0       0       0       0       0       0       0       0       0       0       0       0       0       0       0
      Locals:         0       0       0       0       0       0       0       0       0       0       0       0       0       0       0       0       0       0       0       0       0       0       0       0       0       0       0       0       0       0       0       0       0       0
      Temps:          0       0       0       0       0       0       0       0       0       0       0       0       0       0       0       0       0       0       0       0       0       0       0       0       0       0       0       0       0       0       0       0       0       0
      Totals:         0       0       0       0       0       0       0       0       0       0       0       0       0       0       0       0       0       0       0       0       0       0       0       0       0       0       0       0       0       0       0       0       0       0
Total ram usage:        0 bytes
 Hardware stack levels used:    1
 This function calls:
		Nothing
 This function is called by:
		Interrupt level 2
 This function uses a non-reentrant model


 *************** function _TMR2_ISR *****************
 Defined at:
		line 147 in file "interrupts.c"
 Parameters:    Size  Location     Type
		None
 Auto vars:     Size  Location     Type
		None
 Return value:  Size  Location     Type
                  1    wreg      void 
 Registers used:
		wreg, status,2, status,0
 Tracked objects:
		On entry : 
		On exit  : 
		Unchanged: 
 Data sizes:     COMRAM   BANK5   BANK6   BANK7   BANK8   BANK9  BANK10  BANK11  BANK12  BANK13  BANK14  BANK15  BANK16  BANK17  BANK18  BANK19  BANK20  BANK21  BANK22  BANK23  BANK24  BANK25  BANK26  BANK27  BANK28  BANK29  BANK30  BANK31  BANK32  BANK33  BANK34  BANK35  BANK36  BANK37
      Params:         0       0       0       0       0       0       0       0       0       0       0       0       0       0       0       0       0       0       0       0       0       0       0       0       0       0       0       0       0       0       0       0       0       0
      Locals:         0       0       0       0       0       0       0       0       0       0       0       0       0       0       0       0       0       0       0       0       0       0       0       0       0       0       0       0       0       0       0       0       0       0
      Temps:          0       0       0       0       0       0       0       0       0       0       0       0       0       0       0       0       0       0       0       0       0       0       0       0       0       0       0       0       0       0       0       0       0       0
      Totals:         0       0       0       0       0       0       0       0       0       0       0       0       0       0       0       0       0       0       0       0       0       0       0       0       0       0       0       0       0       0       0       0       0       0
Total ram usage:        0 bytes
 Hardware stack levels used:    1
 This function calls:
		Nothing
 This function is called by:
		Interrupt level 2
 This function uses a non-reentrant model



MODULE INFORMATION

Module		Function		Class		Link	Load	Size
encm369_pic18.c
		_GpioSetup     		CODE           	05BE	0000	22
		_SystemSleep   		CODE           	05D4	0000	20
		_SysTickSetup  		CODE           	0502	0000	52
		_ClockSetup    		CODE           	0608	0000	2

encm369_pic18.c estimated size: 96

interrupts.c
		_TMR2_ISR      		CODE           	05E8	0000	20
		_DEFAULT_ISR   		CODE           	05A4	0000	26
		_InterruptSetup		CODE           	05FC	0000	8
		_SW_ISR        		CODE           	0604	0000	4
		_TMR1_ISR      		CODE           	04C8	0000	58

interrupts.c estimated size: 116

shared
		__initialization		CODE           	0332	0000	132

shared estimated size: 132

main.c
		_main          		CODE           	0536	0000	48

main.c estimated size: 48

user_app.c
		_TimeXus       		CODE           	0566	0000	32
		_UserAppRun    		CODE           	0106	0000	300
		_InterruptTimerXus		CODE           	0474	0000	84
		_UserAppInitialize		CODE           	0586	0000	28

user_app.c estimated size: 444

